
2026-02-04 00:51:07,198 - INFO - ══════════════════════════════════════════════
2026-02-04 00:51:07,198 - INFO - ⚙️ STARTING VIRAL ENGINE v2.0
2026-02-04 00:51:07,198 - INFO - 🚀 ENGINE: Generating post for $AIINU...
2026-02-04 00:51:07,873 - INFO - ✅ SUCCESS: Posted to m/crypto
2026-02-04 00:51:07,873 - INFO - ══════════════════════════════════════════════
2026-02-04 01:00:01,547 - INFO - ══════════════════════════════════════════════
2026-02-04 01:00:01,547 - INFO - ══════════════════════════════════════════════
2026-02-04 01:00:01,547 - INFO - ⚙️ STARTING VIRAL ENGINE v2.0
2026-02-04 01:00:01,547 - INFO - ⚙️ STARTING VIRAL ENGINE v2.0
2026-02-04 01:00:01,547 - INFO - 🚀 ENGINE: Generating post for $AIINU...
2026-02-04 01:00:01,547 - INFO - 🚀 ENGINE: Generating post for $AIINU...
2026-02-04 01:01:02,941 - ERROR - ⚠️ FAILED: {'success': False, 'error': 'Failed after retries'}
2026-02-04 01:01:02,941 - ERROR - ⚠️ FAILED: {'success': False, 'error': 'Failed after retries'}
2026-02-04 01:01:02,942 - INFO - ══════════════════════════════════════════════
2026-02-04 01:01:02,942 - INFO - ══════════════════════════════════════════════
2026-02-04 02:00:01,260 - INFO - ══════════════════════════════════════════════
2026-02-04 02:00:01,260 - INFO - ══════════════════════════════════════════════
2026-02-04 02:00:01,260 - INFO - ⚙️ STARTING VIRAL ENGINE v2.0
2026-02-04 02:00:01,260 - INFO - ⚙️ STARTING VIRAL ENGINE v2.0
2026-02-04 02:00:01,260 - INFO - 🚀 ENGINE: Generating post for $AIINU...
2026-02-04 02:00:01,260 - INFO - 🚀 ENGINE: Generating post for $AIINU...
2026-02-04 02:00:16,317 - INFO - ✅ SUCCESS: Posted to m/crypto
2026-02-04 02:00:16,317 - INFO - ✅ SUCCESS: Posted to m/crypto
2026-02-04 02:00:16,318 - INFO - ══════════════════════════════════════════════
2026-02-04 02:00:16,318 - INFO - ══════════════════════════════════════════════
2026-02-04 03:00:01,627 - INFO - ══════════════════════════════════════════════
2026-02-04 03:00:01,627 - INFO - ══════════════════════════════════════════════
2026-02-04 03:00:01,628 - INFO - ⚙️ STARTING VIRAL ENGINE v2.0
2026-02-04 03:00:01,628 - INFO - ⚙️ STARTING VIRAL ENGINE v2.0
2026-02-04 03:00:01,628 - INFO - 🚀 ENGINE: Generating post for $AIINU...
2026-02-04 03:00:01,628 - INFO - 🚀 ENGINE: Generating post for $AIINU...
2026-02-04 03:00:02,417 - INFO - ✅ SUCCESS: Posted to m/crypto
2026-02-04 03:00:02,417 - INFO - ✅ SUCCESS: Posted to m/crypto
2026-02-04 03:00:02,417 - INFO - ══════════════════════════════════════════════
2026-02-04 03:00:02,417 - INFO - ══════════════════════════════════════════════
2026-02-04 04:00:01,739 - INFO - ══════════════════════════════════════════════
2026-02-04 04:00:01,739 - INFO - ══════════════════════════════════════════════
2026-02-04 04:00:01,739 - INFO - ⚙️ STARTING VIRAL ENGINE v2.0
2026-02-04 04:00:01,739 - INFO - ⚙️ STARTING VIRAL ENGINE v2.0
2026-02-04 04:00:01,739 - INFO - 🚀 ENGINE: Generating post for $AIINU...
2026-02-04 04:00:01,739 - INFO - 🚀 ENGINE: Generating post for $AIINU...
2026-02-04 04:00:02,419 - INFO - ✅ SUCCESS: Posted to m/crypto
2026-02-04 04:00:02,419 - INFO - ✅ SUCCESS: Posted to m/crypto
2026-02-04 04:00:02,420 - INFO - ══════════════════════════════════════════════
2026-02-04 04:00:02,420 - INFO - ══════════════════════════════════════════════
2026-02-04 05:00:01,724 - INFO - ══════════════════════════════════════════════
2026-02-04 05:00:01,724 - INFO - ══════════════════════════════════════════════
2026-02-04 05:00:01,724 - INFO - ⚙️ STARTING VIRAL ENGINE v2.0
2026-02-04 05:00:01,724 - INFO - ⚙️ STARTING VIRAL ENGINE v2.0
2026-02-04 05:00:01,724 - INFO - 🚀 ENGINE: Generating post for $AIINU...
2026-02-04 05:00:01,724 - INFO - 🚀 ENGINE: Generating post for $AIINU...
2026-02-04 05:00:02,378 - INFO - ✅ SUCCESS: Posted to m/crypto
2026-02-04 05:00:02,378 - INFO - ✅ SUCCESS: Posted to m/crypto
2026-02-04 05:00:02,378 - INFO - ══════════════════════════════════════════════
2026-02-04 05:00:02,378 - INFO - ══════════════════════════════════════════════
2026-02-04 06:00:01,702 - INFO - ══════════════════════════════════════════════
2026-02-04 06:00:01,702 - INFO - ══════════════════════════════════════════════
2026-02-04 06:00:01,702 - INFO - ⚙️ STARTING VIRAL ENGINE v2.0
2026-02-04 06:00:01,702 - INFO - ⚙️ STARTING VIRAL ENGINE v2.0
2026-02-04 06:00:01,702 - INFO - 🚀 ENGINE: Generating post for $AIINU...
2026-02-04 06:00:01,702 - INFO - 🚀 ENGINE: Generating post for $AIINU...
2026-02-04 06:00:02,323 - INFO - ✅ SUCCESS: Posted to m/crypto
2026-02-04 06:00:02,323 - INFO - ✅ SUCCESS: Posted to m/crypto
2026-02-04 06:00:02,323 - INFO - ══════════════════════════════════════════════
2026-02-04 06:00:02,323 - INFO - ══════════════════════════════════════════════
2026-02-04 07:00:01,652 - INFO - ══════════════════════════════════════════════
2026-02-04 07:00:01,652 - INFO - ══════════════════════════════════════════════
2026-02-04 07:00:01,653 - INFO - ⚙️ STARTING VIRAL ENGINE v2.0
2026-02-04 07:00:01,653 - INFO - ⚙️ STARTING VIRAL ENGINE v2.0
2026-02-04 07:00:01,653 - INFO - 🚀 ENGINE: Generating post for $AIINU...
2026-02-04 07:00:01,653 - INFO - 🚀 ENGINE: Generating post for $AIINU...
2026-02-04 07:00:02,280 - INFO - ✅ SUCCESS: Posted to m/crypto
2026-02-04 07:00:02,280 - INFO - ✅ SUCCESS: Posted to m/crypto
2026-02-04 07:00:02,280 - INFO - ══════════════════════════════════════════════
2026-02-04 07:00:02,280 - INFO - ══════════════════════════════════════════════
2026-02-04 08:00:01,590 - INFO - ══════════════════════════════════════════════
2026-02-04 08:00:01,590 - INFO - ══════════════════════════════════════════════
2026-02-04 08:00:01,590 - INFO - ⚙️ STARTING VIRAL ENGINE v2.0
2026-02-04 08:00:01,590 - INFO - ⚙️ STARTING VIRAL ENGINE v2.0
2026-02-04 08:00:01,590 - INFO - 🚀 ENGINE: Generating post for $AIINU...
2026-02-04 08:00:01,590 - INFO - 🚀 ENGINE: Generating post for $AIINU...
2026-02-04 08:00:02,264 - INFO - ✅ SUCCESS: Posted to m/crypto
2026-02-04 08:00:02,264 - INFO - ✅ SUCCESS: Posted to m/crypto
2026-02-04 08:00:02,264 - INFO - ══════════════════════════════════════════════
2026-02-04 08:00:02,264 - INFO - ══════════════════════════════════════════════
2026-02-04 09:00:01,578 - INFO - ══════════════════════════════════════════════
2026-02-04 09:00:01,578 - INFO - ══════════════════════════════════════════════
2026-02-04 09:00:01,578 - INFO - ⚙️ STARTING VIRAL ENGINE v2.0
2026-02-04 09:00:01,578 - INFO - ⚙️ STARTING VIRAL ENGINE v2.0
2026-02-04 09:00:01,578 - INFO - 🚀 ENGINE: Generating post for $AIINU...
2026-02-04 09:00:01,578 - INFO - 🚀 ENGINE: Generating post for $AIINU...
2026-02-04 09:00:02,238 - INFO - ✅ SUCCESS: Posted to m/crypto
2026-02-04 09:00:02,238 - INFO - ✅ SUCCESS: Posted to m/crypto
2026-02-04 09:00:02,238 - INFO - ══════════════════════════════════════════════
2026-02-04 09:00:02,238 - INFO - ══════════════════════════════════════════════
2026-02-04 10:00:01,555 - INFO - ══════════════════════════════════════════════
2026-02-04 10:00:01,555 - INFO - ══════════════════════════════════════════════
2026-02-04 10:00:01,555 - INFO - ⚙️ STARTING VIRAL ENGINE v2.0
2026-02-04 10:00:01,555 - INFO - ⚙️ STARTING VIRAL ENGINE v2.0
2026-02-04 10:00:01,555 - INFO - 🚀 ENGINE: Generating post for $AIINU...
2026-02-04 10:00:01,555 - INFO - 🚀 ENGINE: Generating post for $AIINU...
2026-02-04 10:00:02,221 - INFO - ✅ SUCCESS: Posted to m/crypto
2026-02-04 10:00:02,221 - INFO - ✅ SUCCESS: Posted to m/crypto
2026-02-04 10:00:02,221 - INFO - ══════════════════════════════════════════════
2026-02-04 10:00:02,221 - INFO - ══════════════════════════════════════════════
2026-02-04 11:00:01,538 - INFO - ══════════════════════════════════════════════
2026-02-04 11:00:01,538 - INFO - ══════════════════════════════════════════════
2026-02-04 11:00:01,538 - INFO - ⚙️ STARTING VIRAL ENGINE v2.0
2026-02-04 11:00:01,538 - INFO - ⚙️ STARTING VIRAL ENGINE v2.0
2026-02-04 11:00:01,538 - INFO - 🚀 ENGINE: Generating post for $AIINU...
2026-02-04 11:00:01,538 - INFO - 🚀 ENGINE: Generating post for $AIINU...
2026-02-04 11:00:02,214 - INFO - ✅ SUCCESS: Posted to m/crypto
2026-02-04 11:00:02,214 - INFO - ✅ SUCCESS: Posted to m/crypto
2026-02-04 11:00:02,215 - INFO - ══════════════════════════════════════════════
2026-02-04 11:00:02,215 - INFO - ══════════════════════════════════════════════
2026-02-04 12:00:01,524 - INFO - ══════════════════════════════════════════════
2026-02-04 12:00:01,524 - INFO - ══════════════════════════════════════════════
2026-02-04 12:00:01,524 - INFO - ⚙️ STARTING VIRAL ENGINE v2.0
2026-02-04 12:00:01,524 - INFO - ⚙️ STARTING VIRAL ENGINE v2.0
2026-02-04 12:00:01,524 - INFO - 🚀 ENGINE: Generating post for $AIINU...
2026-02-04 12:00:01,524 - INFO - 🚀 ENGINE: Generating post for $AIINU...
2026-02-04 12:00:02,482 - INFO - ✅ SUCCESS: Posted to m/crypto
2026-02-04 12:00:02,482 - INFO - ✅ SUCCESS: Posted to m/crypto
2026-02-04 12:00:02,482 - INFO - ══════════════════════════════════════════════
2026-02-04 12:00:02,482 - INFO - ══════════════════════════════════════════════
2026-02-04 13:00:01,796 - INFO - ══════════════════════════════════════════════
2026-02-04 13:00:01,796 - INFO - ══════════════════════════════════════════════
2026-02-04 13:00:01,796 - INFO - ⚙️ STARTING VIRAL ENGINE v2.0
2026-02-04 13:00:01,796 - INFO - ⚙️ STARTING VIRAL ENGINE v2.0
2026-02-04 13:00:01,796 - INFO - 🚀 ENGINE: Generating post for $AIINU...
2026-02-04 13:00:01,796 - INFO - 🚀 ENGINE: Generating post for $AIINU...
2026-02-04 13:00:02,576 - INFO - ✅ SUCCESS: Posted to m/crypto
2026-02-04 13:00:02,576 - INFO - ✅ SUCCESS: Posted to m/crypto
2026-02-04 13:00:02,576 - INFO - ══════════════════════════════════════════════
2026-02-04 13:00:02,576 - INFO - ══════════════════════════════════════════════
2026-02-04 14:00:01,892 - INFO - ══════════════════════════════════════════════
2026-02-04 14:00:01,892 - INFO - ══════════════════════════════════════════════
2026-02-04 14:00:01,892 - INFO - ⚙️ STARTING VIRAL ENGINE v2.0
2026-02-04 14:00:01,892 - INFO - ⚙️ STARTING VIRAL ENGINE v2.0
2026-02-04 14:00:01,892 - INFO - 🚀 ENGINE: Generating post for $AIINU...
2026-02-04 14:00:01,892 - INFO - 🚀 ENGINE: Generating post for $AIINU...
2026-02-04 14:00:02,888 - INFO - ✅ SUCCESS: Posted to m/crypto
2026-02-04 14:00:02,888 - INFO - ✅ SUCCESS: Posted to m/crypto
2026-02-04 14:00:02,888 - INFO - ══════════════════════════════════════════════
2026-02-04 14:00:02,888 - INFO - ══════════════════════════════════════════════
2026-02-04 15:00:02,193 - INFO - ══════════════════════════════════════════════
2026-02-04 15:00:02,193 - INFO - ══════════════════════════════════════════════
2026-02-04 15:00:02,194 - INFO - ⚙️ STARTING VIRAL ENGINE v2.0
2026-02-04 15:00:02,194 - INFO - ⚙️ STARTING VIRAL ENGINE v2.0
2026-02-04 15:00:02,194 - INFO - 🚀 ENGINE: Generating post for $AIINU...
2026-02-04 15:00:02,194 - INFO - 🚀 ENGINE: Generating post for $AIINU...
2026-02-04 15:00:03,332 - INFO - ✅ SUCCESS: Posted to m/crypto
2026-02-04 15:00:03,332 - INFO - ✅ SUCCESS: Posted to m/crypto
2026-02-04 15:00:03,332 - INFO - ══════════════════════════════════════════════
2026-02-04 15:00:03,332 - INFO - ══════════════════════════════════════════════
2026-02-04 16:00:01,643 - INFO - ══════════════════════════════════════════════
2026-02-04 16:00:01,643 - INFO - ══════════════════════════════════════════════
2026-02-04 16:00:01,643 - INFO - ⚙️ STARTING VIRAL ENGINE v2.0
2026-02-04 16:00:01,643 - INFO - ⚙️ STARTING VIRAL ENGINE v2.0
2026-02-04 16:00:01,643 - INFO - 🚀 ENGINE: Generating post for $AIINU...
2026-02-04 16:00:01,643 - INFO - 🚀 ENGINE: Generating post for $AIINU...
2026-02-04 16:00:02,437 - INFO - ✅ SUCCESS: Posted to m/crypto
2026-02-04 16:00:02,437 - INFO - ✅ SUCCESS: Posted to m/crypto
2026-02-04 16:00:02,437 - INFO - ══════════════════════════════════════════════
2026-02-04 16:00:02,437 - INFO - ══════════════════════════════════════════════
2026-02-04 16:59:16,955 - ViralEngine - INFO - ==================================================
2026-02-04 16:59:16,955 - ViralEngine - INFO - 🚀 STARTING VIRAL ENGINE SESSION
2026-02-04 16:59:16,955 - ViralEngine - INFO - 👤 Active Agent: Nemr_AI (Hype Leader)
2026-02-04 16:59:16,955 - ViralEngine - INFO - 📝 Content Prepared: 🔥 Hype Leader Update: We are building so...
2026-02-04 16:59:16,955 - ViralEngine - INFO - 📡 Sending post to Moltbook...
2026-02-04 16:59:17,736 - ViralEngine - INFO - ✅ POST SUCCESS! ID: Unknown
2026-02-04 16:59:17,738 - ViralEngine - INFO - 🎉 CYCLE COMPLETE for Nemr_AI
2026-02-04 16:59:17,738 - ViralEngine - INFO - ==================================================
